Commented duplicates for cred_lsass_openprocess in src\core\correlation\rules\week2\lsass_openprocess.py
Commented duplicates for cred_dump_lsass_trace in src\core\correlation\rules\batch_more\additional_30.py
Commented duplicates for cred_dump_lsass_trace in src\core\correlation\rules\batch_more\additional_30.py
Commented duplicates for ca_lsass_access_seq in src\core\correlation\rules\weekX\expanded_batch.py
Commented duplicates for pe_token_theft_combo in src\core\correlation\rules\top40_priority.py
Commented duplicates for pe_token_theft_combo in src\core\correlation\rules\weekX\expanded_batch.py
Commented duplicates for filesystem_encryption_trigger in src\core\correlation\rules\batch_more\additional_30.py
Commented duplicates for filesystem_encryption_trigger in src\core\correlation\rules\batch_more\additional_30.py
Commented duplicates for cloud_role_escalation_from_vm in src\core\correlation\rules\batch_more\additional_30.py
Commented duplicates for cloud_role_escalation_from_vm in src\core\correlation\rules\batch_more\additional_30.py
Commented duplicates for imp_stop_security_services in src\core\correlation\rules\weekX\expanded_batch.py
Commented duplicates for col_keylogger_detected_exfil in src\core\correlation\rules\top30_priority.py
Commented duplicates for col_keylogger_detected_exfil in src\core\correlation\rules\weekX\expanded_batch.py
Commented duplicates for imp_encrypt_pattern_canary in src\core\correlation\rules\top40_priority.py
Commented duplicates for imp_shadowcopy_delete in src\core\correlation\rules\top40_priority.py
Commented duplicates for imp_shadowcopy_delete in src\core\correlation\rules\weekX\expanded_batch.py
Commented duplicates for c2_dns_tunnel_exfil in src\core\correlation\rules\weekX\expanded_batch.py
Commented duplicates for defense_evasion_amsi_bypass_combo in src\core\correlation\rules\batch_more\additional_30.py
Commented duplicates for defense_evasion_amsi_bypass_combo in src\core\correlation\rules\batch_more\additional_30.py
Commented duplicates for graph_lateral_chain_burst in src\core\correlation\rules\graph\lateral_chain_burst.py
Commented duplicates for exec_office_macro_chain in src\core\correlation\rules\week1\office_macro_chain.py
Commented duplicates for c2_http_small_periodic_payload in src\core\correlation\rules\batch_more\additional_30.py
Commented duplicates for c2_http_small_periodic_payload in src\core\correlation\rules\batch_more\additional_30.py
Commented duplicates for c2_ssl_odd_sni_beacon in src\core\correlation\rules\batch_more\additional_30.py
Commented duplicates for c2_ssl_odd_sni_beacon in src\core\correlation\rules\batch_more\additional_30.py
Commented duplicates for lateral_smb_admin_burst in src\core\correlation\rules\batch_more\additional_30.py
Commented duplicates for exfil_ftp_large_payload in src\core\correlation\rules\batch_more\additional_30.py
Commented duplicates for persistence_service_binary_change in src\core\correlation\rules\batch_more\additional_30.py
Commented duplicates for exfil_stealth_cloud_metadata in src\core\correlation\rules\batch_more\additional_30.py
Commented duplicates for discovery_dns_reverse_enum in src\core\correlation\rules\batch_more\additional_30.py
Commented duplicates for staged_payload_chain in src\core\correlation\rules\batch_more\additional_30.py
Commented duplicates for script_lateral_execution_by_wmi in src\core\correlation\rules\batch_more\additional_30.py
Commented duplicates for impostor_domain_beacon in src\core\correlation\rules\batch_more\additional_30.py
Commented duplicates for stealth_proc_injection_combo in src\core\correlation\rules\batch_more\additional_30.py
Commented duplicates for config_file_tamper in src\core\correlation\rules\batch_more\additional_30.py
Commented duplicates for lateral_ssh_sweep_internal in src\core\correlation\rules\batch_more\additional_30.py
Commented duplicates for supply_chain_downloader in src\core\correlation\rules\batch_more\additional_30.py
Commented duplicates for pe_uac_bypass_fodhelper in src\core\correlation\rules\weekX\expanded_batch.py
Commented duplicates for pe_namedpipe_impersonation in src\core\correlation\rules\weekX\expanded_batch.py
Commented duplicates for pe_service_binpath_space in src\core\correlation\rules\weekX\expanded_batch.py
Commented duplicates for pe_lolbin_msi_silent_elevated in src\core\correlation\rules\weekX\expanded_batch.py
Commented duplicates for exfil_cloud_storage_new in src\core\correlation\rules\weekX\expanded_batch.py
Commented duplicates for exfil_paste_bin in src\core\correlation\rules\weekX\expanded_batch.py
Edited 43 files
